{
  "version": "1.5.0",
  "plugins_used": [
    {
      "name": "ArtifactoryDetector"
    },
    {
      "name": "AWSKeyDetector"
    },
    {
      "name": "AzureStorageKeyDetector"
    },
    {
      "name": "Base64HighEntropyString",
      "limit": 4.5
    },
    {
      "name": "BasicAuthDetector"
    },
    {
      "name": "CloudantDetector"
    },
    {
      "name": "DiscordBotTokenDetector"
    },
    {
      "name": "GitHubTokenDetector"
    },
    {
      "name": "GitLabTokenDetector"
    },
    {
      "name": "HexHighEntropyString",
      "limit": 3.0
    },
    {
      "name": "IbmCloudIamDetector"
    },
    {
      "name": "IbmCosHmacDetector"
    },
    {
      "name": "IPPublicDetector"
    },
    {
      "name": "JwtTokenDetector"
    },
    {
      "name": "KeywordDetector",
      "keyword_exclude": ""
    },
    {
      "name": "MailchimpDetector"
    },
    {
      "name": "NpmDetector"
    },
    {
      "name": "OpenAIDetector"
    },
    {
      "name": "PrivateKeyDetector"
    },
    {
      "name": "PypiTokenDetector"
    },
    {
      "name": "SendGridDetector"
    },
    {
      "name": "SlackDetector"
    },
    {
      "name": "SoftlayerDetector"
    },
    {
      "name": "SquareOAuthDetector"
    },
    {
      "name": "StripeDetector"
    },
    {
      "name": "TelegramBotTokenDetector"
    },
    {
      "name": "TwilioKeyDetector"
    }
  ],
  "filters_used": [
    {
      "path": "detect_secrets.filters.allowlist.is_line_allowlisted"
    },
    {
      "path": "detect_secrets.filters.common.is_baseline_file",
      "filename": ".secrets.baseline"
    },
    {
      "path": "detect_secrets.filters.common.is_ignored_due_to_verification_policies",
      "min_level": 2
    },
    {
      "path": "detect_secrets.filters.heuristic.is_indirect_reference"
    },
    {
      "path": "detect_secrets.filters.heuristic.is_likely_id_string"
    },
    {
      "path": "detect_secrets.filters.heuristic.is_lock_file"
    },
    {
      "path": "detect_secrets.filters.heuristic.is_not_alphanumeric_string"
    },
    {
      "path": "detect_secrets.filters.heuristic.is_potential_uuid"
    },
    {
      "path": "detect_secrets.filters.heuristic.is_prefixed_with_dollar_sign"
    },
    {
      "path": "detect_secrets.filters.heuristic.is_sequential_string"
    },
    {
      "path": "detect_secrets.filters.heuristic.is_swagger_file"
    },
    {
      "path": "detect_secrets.filters.heuristic.is_templated_secret"
    }
  ],
  "results": {
    "docs/docs/en/tutorials/giphy/index.md": [
      {
        "type": "Secret Keyword",
        "filename": "docs/docs/en/tutorials/giphy/index.md",
        "hashed_secret": "63f8ff37d3848fcf04ef3afe45d0fc830678d1ce",
        "is_verified": false,
        "line_number": 64,
        "is_secret": false
      },
      {
        "type": "Secret Keyword",
        "filename": "docs/docs/en/tutorials/giphy/index.md",
        "hashed_secret": "bc39a40e023f4ffb425b82830f86a464e5ea1072",
        "is_verified": false,
        "line_number": 65,
        "is_secret": false
      }
    ],
    "docs/docs/en/tutorials/whatsapp/index.md": [
      {
        "type": "Secret Keyword",
        "filename": "docs/docs/en/tutorials/whatsapp/index.md",
        "hashed_secret": "52e0d11a70cdb70d4c51064d08bd8f179ebb8bb4",
        "is_verified": false,
        "line_number": 50,
        "is_secret": false
      },
      {
        "type": "Secret Keyword",
        "filename": "docs/docs/en/tutorials/whatsapp/index.md",
        "hashed_secret": "bc39a40e023f4ffb425b82830f86a464e5ea1072",
        "is_verified": false,
        "line_number": 51,
        "is_secret": false
      }
    ],
    "docs/docs/en/user-guide/adapters/fastapi_nats/index.md": [
      {
        "type": "Secret Keyword",
        "filename": "docs/docs/en/user-guide/adapters/fastapi_nats/index.md",
        "hashed_secret": "3be2e9dd1980856faddf5bd205e3ff96b24776aa",
        "is_verified": false,
        "line_number": 319,
        "is_secret": false
      }
    ],
    "docs/docs/en/user-guide/adapters/nats/index.md": [
      {
        "type": "Secret Keyword",
        "filename": "docs/docs/en/user-guide/adapters/nats/index.md",
        "hashed_secret": "3be2e9dd1980856faddf5bd205e3ff96b24776aa",
        "is_verified": false,
        "line_number": 162,
        "is_secret": false
      }
    ],
    "docs/docs/en/user-guide/runtimes/ag2/index.md": [
      {
        "type": "Secret Keyword",
        "filename": "docs/docs/en/user-guide/runtimes/ag2/index.md",
        "hashed_secret": "73b01af8d354687c7c330d91a744f9906b9f30da",
        "is_verified": false,
        "line_number": 50,
        "is_secret": false
      }
    ],
    "docs/docs/en/user-guide/runtimes/ag2/using_non_openai_models.md": [
      {
        "type": "Secret Keyword",
        "filename": "docs/docs/en/user-guide/runtimes/ag2/using_non_openai_models.md",
        "hashed_secret": "29df8e701c64566b0035b6283fb2f7b41a0d65f2",
        "is_verified": false,
        "line_number": 59,
        "is_secret": false
      }
    ],
    "docs/docs/en/user-guide/runtimes/ag2/websurfer.md": [
      {
        "type": "Secret Keyword",
        "filename": "docs/docs/en/user-guide/runtimes/ag2/websurfer.md",
        "hashed_secret": "bc39a40e023f4ffb425b82830f86a464e5ea1072",
        "is_verified": false,
        "line_number": 42,
        "is_secret": false
      }
    ],
    "docs/docs/en/user-guide/runtimes/ag2/whatsapp.md": [
      {
        "type": "Secret Keyword",
        "filename": "docs/docs/en/user-guide/runtimes/ag2/whatsapp.md",
        "hashed_secret": "52e0d11a70cdb70d4c51064d08bd8f179ebb8bb4",
        "is_verified": false,
        "line_number": 40,
        "is_secret": false
      },
      {
        "type": "Base64 High Entropy String",
        "filename": "docs/docs/en/user-guide/runtimes/ag2/whatsapp.md",
        "hashed_secret": "ec926cf43fb13c6d8575f5c366c488f5f2d2f5c4",
        "is_verified": false,
        "line_number": 302,
        "is_secret": false
      }
    ],
    "examples/openapi/giphy_openapi.json": [
      {
        "type": "Hex High Entropy String",
        "filename": "examples/openapi/giphy_openapi.json",
        "hashed_secret": "e3ddfbda4fafddc6ce61a11ef9e9c0149bbfcc48",
        "is_verified": false,
        "line_number": 1066,
        "is_secret": false
      }
    ],
    "tests/ui/mesop/test_main.py": [
      {
        "type": "Secret Keyword",
        "filename": "tests/ui/mesop/test_main.py",
        "hashed_secret": "3acfb2c2b433c0ea7ff107e33df91b18e52f960f",
        "is_verified": false,
        "line_number": 30,
        "is_secret": false
      }
    ]
  },
  "generated_at": "2024-11-13T14:43:44Z"
}
