{
  "version": "1.5.0",
  "plugins_used": [
    {
      "name": "ArtifactoryDetector"
    },
    {
      "name": "AWSKeyDetector"
    },
    {
      "name": "AzureStorageKeyDetector"
    },
    {
      "name": "Base64HighEntropyString",
      "limit": 4.5
    },
    {
      "name": "BasicAuthDetector"
    },
    {
      "name": "CloudantDetector"
    },
    {
      "name": "DiscordBotTokenDetector"
    },
    {
      "name": "GitHubTokenDetector"
    },
    {
      "name": "GitLabTokenDetector"
    },
    {
      "name": "HexHighEntropyString",
      "limit": 3.0
    },
    {
      "name": "IbmCloudIamDetector"
    },
    {
      "name": "IbmCosHmacDetector"
    },
    {
      "name": "IPPublicDetector"
    },
    {
      "name": "JwtTokenDetector"
    },
    {
      "name": "KeywordDetector",
      "keyword_exclude": ""
    },
    {
      "name": "MailchimpDetector"
    },
    {
      "name": "NpmDetector"
    },
    {
      "name": "OpenAIDetector"
    },
    {
      "name": "PrivateKeyDetector"
    },
    {
      "name": "PypiTokenDetector"
    },
    {
      "name": "SendGridDetector"
    },
    {
      "name": "SlackDetector"
    },
    {
      "name": "SoftlayerDetector"
    },
    {
      "name": "SquareOAuthDetector"
    },
    {
      "name": "StripeDetector"
    },
    {
      "name": "TelegramBotTokenDetector"
    },
    {
      "name": "TwilioKeyDetector"
    }
  ],
  "filters_used": [
    {
      "path": "detect_secrets.filters.allowlist.is_line_allowlisted"
    },
    {
      "path": "detect_secrets.filters.common.is_baseline_file",
      "filename": ".secrets.baseline"
    },
    {
      "path": "detect_secrets.filters.common.is_ignored_due_to_verification_policies",
      "min_level": 2
    },
    {
      "path": "detect_secrets.filters.heuristic.is_indirect_reference"
    },
    {
      "path": "detect_secrets.filters.heuristic.is_likely_id_string"
    },
    {
      "path": "detect_secrets.filters.heuristic.is_lock_file"
    },
    {
      "path": "detect_secrets.filters.heuristic.is_not_alphanumeric_string"
    },
    {
      "path": "detect_secrets.filters.heuristic.is_potential_uuid"
    },
    {
      "path": "detect_secrets.filters.heuristic.is_prefixed_with_dollar_sign"
    },
    {
      "path": "detect_secrets.filters.heuristic.is_sequential_string"
    },
    {
      "path": "detect_secrets.filters.heuristic.is_swagger_file"
    },
    {
      "path": "detect_secrets.filters.heuristic.is_templated_secret"
    },
    {
      "path": "detect_secrets.filters.regex.should_exclude_secret",
      "pattern": [
        "your_bing_api_key"
      ]
    }
  ],
  "results": {
    "docs/docs/en/tutorials/giphy/index.md": [
      {
        "type": "Secret Keyword",
        "filename": "docs/docs/en/tutorials/giphy/index.md",
        "hashed_secret": "63f8ff37d3848fcf04ef3afe45d0fc830678d1ce",
        "is_verified": false,
        "line_number": 73,
        "is_secret": false
      }
    ],
    "docs/docs/en/tutorials/whatsapp/index.md": [
      {
        "type": "Secret Keyword",
        "filename": "docs/docs/en/tutorials/whatsapp/index.md",
        "hashed_secret": "52e0d11a70cdb70d4c51064d08bd8f179ebb8bb4",
        "is_verified": false,
        "line_number": 85,
        "is_secret": false
      }
    ],
    "docs/docs/en/user-guide/adapters/fastapi_nats/index.md": [
      {
        "type": "Secret Keyword",
        "filename": "docs/docs/en/user-guide/adapters/fastapi_nats/index.md",
        "hashed_secret": "3be2e9dd1980856faddf5bd205e3ff96b24776aa",
        "is_verified": false,
        "line_number": 301,
        "is_secret": false
      }
    ],
    "docs/docs/en/user-guide/adapters/nats/index.md": [
      {
        "type": "Secret Keyword",
        "filename": "docs/docs/en/user-guide/adapters/nats/index.md",
        "hashed_secret": "3be2e9dd1980856faddf5bd205e3ff96b24776aa",
        "is_verified": false,
        "line_number": 153,
        "is_secret": false
      }
    ],
    "docs/docs/en/user-guide/getting-started/index.md": [
      {
        "type": "Secret Keyword",
        "filename": "docs/docs/en/user-guide/getting-started/index.md",
        "hashed_secret": "3be2e9dd1980856faddf5bd205e3ff96b24776aa",
        "is_verified": false,
        "line_number": 445,
        "is_secret": false
      }
    ],
    "docs/docs/en/user-guide/runtimes/autogen/index.md": [
      {
        "type": "Secret Keyword",
        "filename": "docs/docs/en/user-guide/runtimes/autogen/index.md",
        "hashed_secret": "73b01af8d354687c7c330d91a744f9906b9f30da",
        "is_verified": false,
        "line_number": 48,
        "is_secret": false
      }
    ],
    "docs/docs/en/user-guide/runtimes/autogen/using_non_openai_models.md": [
      {
        "type": "Secret Keyword",
        "filename": "docs/docs/en/user-guide/runtimes/autogen/using_non_openai_models.md",
        "hashed_secret": "29df8e701c64566b0035b6283fb2f7b41a0d65f2",
        "is_verified": false,
        "line_number": 57,
        "is_secret": false
      }
    ],
    "docs/docs_src/getting_started/nats_n_fastapi/nats-server.conf": [
      {
        "type": "Secret Keyword",
        "filename": "docs/docs_src/getting_started/nats_n_fastapi/nats-server.conf",
        "hashed_secret": "3be2e9dd1980856faddf5bd205e3ff96b24776aa",
        "is_verified": false,
        "line_number": 26,
        "is_secret": false
      }
    ],
    "examples/openapi/giphy_openapi.json": [
      {
        "type": "Hex High Entropy String",
        "filename": "examples/openapi/giphy_openapi.json",
        "hashed_secret": "e3ddfbda4fafddc6ce61a11ef9e9c0149bbfcc48",
        "is_verified": false,
        "line_number": 1066,
        "is_secret": false
      }
    ],
    "tests/ui/mesop/test_main.py": [
      {
        "type": "Secret Keyword",
        "filename": "tests/ui/mesop/test_main.py",
        "hashed_secret": "3acfb2c2b433c0ea7ff107e33df91b18e52f960f",
        "is_verified": false,
        "line_number": 30,
        "is_secret": false
      }
    ]
  },
  "generated_at": "2024-11-05T11:49:46Z"
}
